82
4
168
0
10
202
266
53
155
0
264
183
117
200
294
42
218
0
33
143
16
292
21
241
122
266
75
0
238
170
203
292
256
205
225
86
179
0
0
292
30
204
114
91
46
274
61
258
259
93
75
217
153
265
129
32
227
101
232
216
0
23
18
260
279
203
90
76
157
49
5
124
136
171
285
239
0
98
2
0
179
96
86
282
24
0
236
0
0
220
6
224
49
31
278
46
3
283
28
20
265
190
167
135
222
291
89
14
40
159
0
277
47
1
87
255
230
164
284
189
34
190
284
153
0
88
97
6
234
78
240
15
231
29
2
137
300
237
31
18
222
0
244
255
103
41
116
169
5
239
192
200
102
42
33
0
68
191
166
243
26
197
60
219
247
92
61
218
161
0
0
294
280
183
89
0
136
217
85
0
85
28
74
240
0
178
181
131
85
132
173
0
107
154
142
140
229
39
286
137
155
225
213
233
286
94
37
65
27
6
211
0
267
109
300
264
97
226
135
283
43
0
0
236
105
196
172
2
0
35
191
0
156
41
18
88
112
58
203
183
220
223
286
270
199
135
293
220
182
234
218
167
0
78
0
0
252
291
34
124
145
57
282
12
0
174
167
195
225
275
68
263
191
213
0
5
268
98
0
291
161
123
249
11
143
192
0
0
11
22
176
241
44
157
0
247
0
0
32
278
77
271
257
36
44
199
246
106
242
110
131
51
80
47
163
25
83
66
246
0
281
170
215
79
298
0
205
45
104
59
238
181
14
254
215
19
127
50
296
0
0
224
62
234
0
0
79
219
138
185
95
97
21
242
11
166
0
14
0
272
33
0
100
0
128
40
0
299
152
92
56
125
108
243
51
186
130
232
202
144
0
133
270
121
29
150
275
159
110
0
0
0
62
229
186
177
116
55
160
52
1
284
35
121
235
137
69
211
16
248
251
251
94
206
112
63
234
22
144
209
129
262
10
196
206
248
263
198
0
46
84
53
0
0
158
210
165
228
211
169
166
214
74
47
295
119
0
267
142
172
0
224
15
0
0
60
0
201
195
99
0
250
110
118
128
84
26
9
242
81
230
239
64
111
0
66
0
146
256
0
180
174
231
70
139
107
119
154
297
168
297
0
208
0
292
0
257
37
13
3
195
17
253
231
159
207
295
22
68
290
173
238
256
179
168
77
118
177
163
8
60
225
281
261
152
0
11
0
0
204
158
145
215
149
300
48
196
245
0
36
273
262
70
255
28
0
7
145
0
194
0
180
261
90
4
95
245
109
39
173
193
299
114
55
113
96
206
209
140
127
134
296
40
0
54
0
269
184
122
63
69
0
72
19
287
289
0
64
173
0
0
272
160
105
284
263
277
0
162
71
85
139
123
54
0
0
274
229
188
259
185
273
144
143
194
99
41
0
0
215
149
109
154
13
253
198
25
28
253
0
3
221
59
260
201
99
262
20
6
158
107
158
72
255
0
199
258
0
155
93
56
223
36
110
104
287
290
24
0
216
193
132
102
289
60
43
199
27
159
167
0
117
291
129
273
208
30
126
0
190
184
179
204
258
182
73
57
101
59
134
92
73
116
122
288
233
264
70
246
0
111
146
0
65
137
0
0
26
23
170
288
269
0
0
210
130
71
147
296
264
0
120
100
276
193
151
285
39
175
45
113
102
274
10
54
7
0
299
0
157
254
10
0
99
202
39
208
145
31
283
78
163
125
108
77
136
295
53
66
0
297
250
31
281
45
156
185
251
44
12
117
271
0
271
83
34
67
48
0
0
147
212
188
21
247
82
262
279
278
187
0
9
0
163
0
0
0
133
43
98
165
175
233
54
120
0
235
127
171
112
0
90
67
51
208
257
141
34
93
0
0
31
0
226
187
61
2
249
0
148
214
0
108
218
23
139
98
295
210
109
263
141
16
148
38
287
25
78
0
227
0
52
88
207
268
253
19
53
124
38
197
156
0
114
201
183
115
196
121
0
112
0
198
72
48
138
111
106
216
210
162
212
227
275
0
0
42
228
226
285
95
76
283
0
293
115
176
298
81
89
164
250
222
217
0
87
290
0
197
120
192
150
123
169
274
138
84
151
260
37
213
69
82
82
35
146
65
221
252
188
259
189
126
133
58
17
169
221
91
106
252
0
272
290
235
205
0
7
38
91
194
276
0
170
221
197
67
80
277
0
214
129
118
242
207
295
280
103
243
184
114
186
189
142
50
182
0
63
102
268
268
64
27
177
244
122
20
37
17
61
8
63
209
236
152
288
178
17
277
130
