100
0
82
42
75
18
65
44
16
51
3
57
56
84
69
35
45
58
0
36
85
0
85
42
81
43
79
88
91
78
46
11
0
33
83
14
2
71
17
87
0
39
0
51
53
13
88
46
51
9
87
82
36
97
5
96
0
1
0
67
83
36
85
70
74
2
42
36
30
1
55
22
90
39
65
62
59
13
32
57
78
4
61
69
98
0
74
100
6
21
93
2
60
48
46
0
85
4
18
69
32
0
21
90
0
89
18
0
26
37
67
76
4
87
60
47
82
10
99
42
71
60
14
50
86
38
45
77
22
0
38
87
16
28
71
60
41
32
47
0
50
99
41
96
20
7
0
12
90
27
38
26
84
29
79
38
68
55
0
33
88
70
72
0
67
97
97
79
58
7
89
44
79
50
83
0
47
8
90
11
91
52
79
78
84
88
81
59
64
19
5
76
65
11
83
47
83
49
62
56
86
62
10
0
59
93
92
8
15
46
80
93
78
39
0
84
63
33
35
81
43
87
68
9
18
40
53
40
32
57
16
12
81
21
46
14
3
87
85
47
2
6
64
80
35
46
84
49
31
69
48
21
21
73
61
35
80
76
44
75
55
61
12
30
56
37
35
93
62
97
72
5
95
48
67
68
36
90
22
80
93
7
3
42
24
51
49
48
55
64
47
12
61
6
74
76
14
8
80
63
22
81
37
0
59
44
83
78
81
0
0
3
76
56
62
49
65
60
54
55
94
5
51
7
76
57
12
74
0
100
70
41
72
56
92
18
24
49
93
50
81
37
51
88
60
0
29
43
96
64
96
0
0
17
32
42
37
49
22
77
7
0
40
72
10
31
38
64
0
61
33
68
66
86
57
41
90
27
49
3
0
65
2
24
60
75
68
90
20
0
15
51
20
50
72
82
18
1
23
31
23
32
4
62
38
76
65
79
10
100
48
78
69
96
100
28
34
100
5
56
12
34
48
4
2
1
66
68
35
73
11
0
82
69
9
70
7
8
13
17
89
10
87
2
53
57
37
21
0
54
50
11
47
5
58
40
64
96
97
83
85
39
1
9
3
23
70
67
35
20
80
98
68
85
41
79
52
32
22
0
19
62
12
8
70
25
37
95
94
29
33
98
22
71
50
39
30
27
0
25
