102
150
0
0
100
31
178
190
275
284
0
154
34
187
54
229
165
157
0
271
205
264
96
93
13
0
194
289
83
210
220
5
174
244
0
164
292
61
242
243
0
138
73
54
0
78
280
94
48
130
184
0
55
277
228
120
0
174
0
268
249
238
23
264
221
0
212
110
59
97
169
216
223
26
270
31
30
26
261
211
258
41
244
80
214
210
66
260
227
280
288
81
67
0
244
228
219
250
215
238
0
185
160
176
18
38
15
196
16
0
282
229
213
116
192
0
61
95
106
255
195
267
0
0
234
229
224
0
285
244
197
29
255
146
264
142
149
184
0
115
268
35
224
64
58
1
80
91
276
55
256
12
157
293
50
180
288
156
6
247
62
139
37
0
218
109
74
111
79
0
89
62
0
208
134
42
113
94
80
10
210
0
290
142
153
59
211
191
209
0
63
129
128
128
199
259
212
71
157
271
52
248
45
205
56
295
257
97
267
138
72
40
65
207
263
9
298
65
28
182
168
113
154
0
29
83
56
219
3
46
25
203
286
47
219
22
180
204
193
234
170
267
143
0
16
121
127
186
278
0
0
0
0
8
23
287
224
162
148
269
240
212
100
272
29
50
259
187
57
207
191
145
210
0
90
198
171
42
0
123
239
168
97
179
186
172
263
34
199
293
67
88
0
167
140
121
0
184
245
197
89
107
20
188
128
217
276
75
222
236
189
294
221
225
300
0
174
135
76
292
69
213
0
201
0
76
5
86
103
175
204
83
247
113
125
108
200
107
200
48
262
0
118
85
39
181
159
237
150
0
12
99
299
286
0
0
0
215
53
228
117
131
0
158
178
35
5
38
136
44
33
132
274
78
185
175
222
237
285
266
176
41
193
277
117
148
170
27
209
126
27
250
0
72
270
188
91
82
109
81
214
136
57
261
173
43
253
118
114
152
142
7
84
216
272
40
168
289
232
260
265
169
164
50
270
127
140
0
78
100
2
296
240
257
0
6
0
8
135
122
54
146
0
123
92
36
0
125
49
11
246
0
218
38
161
287
240
182
11
167
26
122
36
1
109
0
249
180
0
212
243
108
15
116
236
0
114
0
26
203
169
296
0
274
292
87
10
99
19
217
300
158
0
24
104
252
105
77
246
72
214
7
88
0
179
96
253
202
62
147
211
58
196
0
281
279
152
233
255
197
257
151
293
226
0
8
261
24
243
69
251
218
239
208
231
82
39
194
195
9
20
0
125
141
299
172
198
0
0
251
273
51
269
184
106
81
64
184
290
84
207
241
177
220
0
0
227
134
239
0
60
68
129
2
95
292
0
139
164
76
145
137
149
230
126
0
67
19
0
248
269
13
295
194
0
98
95
175
3
0
77
162
213
53
278
0
82
232
235
155
160
267
137
102
212
113
115
39
63
176
11
0
281
242
295
239
137
156
86
1
75
12
165
234
124
297
112
189
135
0
70
23
73
0
278
291
254
198
99
183
146
34
239
112
171
0
204
185
0
265
74
235
0
0
108
0
10
0
259
0
50
225
280
0
231
83
65
70
156
273
141
25
2
75
101
68
259
174
291
17
21
262
98
0
265
191
264
92
271
200
193
223
4
262
79
282
277
158
40
220
103
41
22
0
86
0
91
52
227
288
202
90
222
37
273
129
0
183
166
0
75
0
131
32
275
123
0
52
118
105
241
89
0
0
218
70
181
216
14
298
286
268
156
87
120
16
60
153
0
223
258
21
221
96
93
17
288
82
118
217
19
206
100
214
166
150
177
185
283
238
0
172
182
234
215
0
208
133
143
130
225
22
0
138
111
46
161
107
30
216
28
155
163
93
266
251
173
245
37
296
106
253
132
183
183
68
44
166
226
0
110
202
0
0
192
230
45
165
147
102
143
190
222
73
298
103
144
183
0
90
96
0
64
81
167
3
252
113
226
141
256
98
170
124
186
124
95
0
161
112
0
0
287
0
23
151
110
119
133
71
139
119
104
152
144
127
171
7
117
179
132
33
110
0
0
74
235
280
86
47
76
192
159
213
57
286
285
240
80
21
297
294
198
94
201
82
36
268
260
294
0
37
145
189
248
148
0
0
9
138
284
0
104
121
15
30
159
206
0
0
61
284
30
4
283
131
32
51
25
205
158
0
0
258
0
43
163
14
117
263
117
126
47
9
203
181
49
55
119
237
161
142
211
169
0
254
0
225
114
85
69
262
130
272
1
204
106
6
87
98
290
156
187
18
63
25
136
284
13
279
162
105
6
160
208
148
242
275
101
66
