21
107
0
0
45
193
169
182
76
194
4
0
11
0
197
18
41
166
14
0
197
180
175
175
123
0
183
113
175
166
0
0
91
0
164
42
188
0
51
0
110
118
26
146
138
27
96
198
57
0
47
17
77
61
96
122
67
0
16
192
1
123
5
38
182
108
185
0
105
30
51
4
136
174
159
0
20
69
0
114
24
0
113
99
164
0
180
48
0
146
73
21
61
154
197
34
59
83
40
98
144
0
145
63
167
0
93
83
159
37
163
0
0
28
0
99
0
154
164
0
91
22
27
0
181
0
0
144
125
143
0
0
49
3
90
140
2
100
0
55
68
17
63
0
27
37
52
105
129
23
0
57
31
185
121
0
95
172
47
124
22
35
113
44
150
91
108
188
0
188
98
15
0
60
59
0
17
150
53
106
194
0
0
0
146
0
0
191
116
17
19
3
0
87
0
138
26
87
169
74
197
0
20
38
143
32
0
111
87
96
113
15
163
35
73
35
99
76
191
197
131
33
23
133
97
199
161
190
190
0
116
82
49
31
117
0
14
0
130
71
168
69
76
0
59
56
71
89
87
6
30
0
0
107
61
79
49
40
141
77
37
103
159
151
192
0
16
126
144
139
0
80
9
35
70
118
0
4
131
106
0
168
94
157
88
61
133
0
81
24
130
40
142
101
151
103
85
115
0
0
58
199
15
4
45
1
98
64
20
182
59
0
150
0
29
176
149
0
65
183
80
166
0
0
78
0
125
0
123
0
192
0
0
147
0
148
81
97
9
80
149
0
89
190
154
65
0
91
0
87
45
0
116
65
158
3
0
132
32
58
0
132
5
13
71
191
100
176
187
105
85
0
46
77
179
183
89
190
150
22
108
5
45
33
144
107
161
85
194
83
166
182
193
66
27
0
23
159
146
0
153
192
110
166
91
0
0
167
29
97
25
26
88
186
52
119
0
142
151
0
0
155
124
57
66
31
154
0
112
85
185
165
39
92
101
173
40
180
0
170
190
188
36
0
189
167
113
117
0
104
0
143
21
97
43
0
41
0
0
154
168
79
179
79
16
137
153
32
0
94
0
62
0
197
23
131
10
21
0
73
183
9
119
86
147
180
0
5
51
46
0
101
0
184
160
0
181
82
27
169
86
60
43
4
0
116
0
77
138
134
51
153
58
20
191
0
126
1
119
46
0
173
119
0
80
0
175
0
2
128
80
0
50
35
89
92
143
0
87
0
86
51
35
196
97
172
0
83
74
182
0
138
77
67
194
192
9
28
153
2
0
0
169
0
147
182
62
0
167
191
80
154
10
0
147
184
16
120
11
41
184
0
119
79
156
0
189
71
191
0
0
4
45
7
0
138
173
19
44
198
127
0
0
0
149
128
196
150
28
22
90
131
145
144
170
1
196
128
104
0
0
85
128
85
115
153
0
0
109
0
146
61
0
175
144
0
125
130
137
169
6
106
5
54
84
57
127
0
185
68
164
143
115
166
81
0
113
97
88
51
106
111
51
167
200
0
82
20
62
0
0
31
15
161
87
6
133
46
188
0
0
129
0
56
90
41
172
132
192
70
42
119
188
0
0
193
0
173
71
44
0
62
0
0
0
135
41
154
0
157
0
177
101
169
185
156
13
0
71
119
0
129
116
200
0
13
189
168
126
15
84
96
0
38
0
144
83
64
136
123
142
68
74
0
190
107
0
0
168
90
117
171
69
146
30
189
75
141
151
152
126
143
0
138
74
33
194
0
182
14
73
130
11
183
184
0
179
117
94
65
0
0
6
74
162
106
189
152
170
38
150
0
23
0
0
40
23
0
0
99
145
172
9
81
94
0
11
0
165
77
0
14
15
109
123
96
107
0
72
41
134
159
0
126
50
73
58
0
76
0
0
90
42
137
96
168
0
134
17
79
178
85
83
1
0
0
27
168
5
38
122
53
45
0
110
0
79
170
98
84
21
0
0
107
155
193
76
78
5
12
0
97
16
114
0
126
105
61
160
71
0
88
164
116
24
74
16
0
183
61
193
0
138
0
88
189
130
109
98
0
91
143
33
110
46
0
171
26
170
72
82
110
0
69
8
0
90
153
194
94
32
73
0
0
123
17
9
0
98
92
0
4
152
184
14
0
106
161
195
102
133
57
44
16
196
196
89
184
96
14
43
3
200
33
82
190
0
0
49
100
132
137
116
189
50
0
114
14
0
152
196
50
105
0
0
181
118
101
20
0
183
118
172
0
44
159
79
0
200
115
158
0
0
22
88
149
0
0
184
148
