0
30
15
47
64
99
2
73
85
15
61
20
87
0
14
73
54
0
24
12
6
84
50
83
39
0
85
0
0
59
43
76
53
35
58
87
32
45
13
6
75
5
40
64
73
69
28
28
36
99
30
44
0
14
80
0
83
80
0
13
47
86
52
72
49
0
57
14
22
95
64
87
44
53
0
49
0
44
48
77
37
52
32
57
36
47
88
24
88
69
0
34
52
0
30
21
36
58
46
53
49
76
62
7
0
58
0
44
77
58
37
21
71
54
53
96
87
49
100
47
80
33
75
19
46
7
26
45
92
79
62
77
63
28
41
99
0
51
36
45
63
77
92
25
45
33
98
52
50
76
2
69
48
25
17
78
27
60
94
85
0
62
14
5
17
62
30
0
43
46
3
33
0
12
45
40
97
99
86
10
0
69
27
31
56
41
24
26
44
0
34
95
70
0
66
91
54
37
0
9
0
40
45
30
0
44
27
16
98
70
28
3
10
97
0
0
0
0
56
98
54
0
45
90
25
82
88
35
47
87
14
6
75
80
99
80
47
16
11
34
95
92
77
37
33
43
28
93
7
55
91
77
61
89
79
26
19
79
13
94
13
86
35
82
27
0
24
70
86
50
16
76
12
86
95
86
60
81
95
31
30
0
30
0
30
10
75
34
59
44
61
49
63
35
39
2
21
35
68
63
86
47
19
39
99
28
10
0
40
100
53
6
56
96
86
62
96
10
22
85
52
41
31
33
14
61
21
60
49
22
68
48
57
0
0
0
16
93
32
64
97
52
22
62
48
6
96
56
34
15
63
64
67
71
2
54
28
6
63
100
97
10
99
49
91
57
33
58
100
28
53
70
95
30
39
82
99
68
96
54
49
80
0
31
26
5
74
29
27
9
72
54
0
15
31
82
36
25
83
9
17
68
93
78
96
75
72
38
28
61
47
41
3
9
36
41
63
98
97
37
54
0
85
97
0
35
82
84
57
18
24
86
19
8
42
0
0
64
20
8
0
67
73
75
35
15
82
60
63
17
89
50
30
88
0
42
54
0
23
56
8
5
57
75
0
57
65
17
72
90
69
21
1
16
40
9
75
2
72
19
15
73
56
70
60
60
96
69
71
18
62
10
20
68
47
0
0
75
74
99
75
0
65
11
10
20
3
3
0
34
2
95
32
25
44
100
4
91
100
18
65
26
0
39
1
6
17
37
0
3
51
80
75
61
0
0
62
31
21
24
13
10
91
10
8
93
59
13
60
75
46
0
80
1
61
39
55
2
27
81
70
4
9
36
58
46
77
80
79
29
92
60
22
83
58
60
74
82
84
72
12
71
20
60
61
65
31
93
96
5
93
93
0
73
0
51
57
64
28
4
0
59
5
53
91
80
7
51
63
42
16
99
93
8
76
0
51
58
38
26
69
51
29
31
8
8
90
34
99
0
77
50
71
100
0
5
25
56
70
69
32
85
74
28
15
15
13
0
10
37
15
38
40
17
4
78
51
94
33
5
95
0
38
0
7
38
58
41
88
18
30
79
68
61
5
66
91
56
14
65
87
11
97
16
34
11
2
64
33
71
44
68
45
13
13
81
66
59
61
47
53
0
61
22
37
84
50
16
46
87
62
0
13
44
0
18
17
85
26
91
46
53
33
83
22
70
15
5
84
50
3
0
14
14
78
86
60
3
41
23
87
30
68
93
77
95
43
46
31
92
27
55
86
0
46
28
50
17
55
100
11
0
14
94
97
27
37
77
50
34
0
66
71
80
12
11
89
79
70
77
69
93
58
7
69
36
18
28
23
3
60
20
80
47
81
100
14
26
55
17
91
3
66
0
58
94
51
0
60
44
42
16
11
0
6
15
0
0
23
22
18
0
52
0
17
91
89
0
35
5
32
13
52
15
97
48
13
16
7
68
19
63
38
0
64
16
46
0
13
81
43
48
0
29
41
38
31
94
79
65
18
0
67
30
0
1
40
1
82
77
78
2
21
58
85
59
6
36
53
84
11
0
66
31
7
53
67
56
7
70
0
73
90
33
44
67
35
35
91
29
6
18
42
41
20
99
4
42
0
54
90
96
65
39
11
77
22
39
78
0
64
49
0
34
52
0
39
0
25
6
99
87
42
47
18
7
74
82
33
9
35
39
67
39
49
100
0
71
25
54
1
63
47
89
27
68
11
1
71
46
44
31
25
53
88
0
3
43
34
33
11
54
36
51
58
86
9
40
16
98
36
17
34
0
14
29
46
96
0
80
57
84
54
93
17
7
86
92
83
23
