48
64
81
14
39
26
0
0
20
56
45
94
98
88
85
90
48
56
35
5
84
1
38
55
0
65
11
41
4
95
37
55
27
2
44
0
54
86
90
18
48
8
32
26
0
75
25
19
90
58
56
38
37
0
46
18
90
0
38
57
31
36
85
69
1
9
56
89
1
19
98
70
47
77
66
84
9
91
14
8
0
20
9
2
16
70
6
60
19
92
64
18
12
82
75
88
56
42
30
70
93
0
25
82
68
78
12
0
27
38
64
64
0
45
53
99
51
87
15
75
61
100
62
0
5
65
0
97
94
92
57
12
34
74
55
87
0
61
47
44
26
49
2
14
67
0
52
90
79
95
21
31
60
9
47
42
3
9
89
60
16
34
57
39
35
0
0
38
68
50
6
0
46
41
4
15
2
54
3
13
0
55
0
59
89
13
78
28
83
22
62
0
98
41
78
29
21
49
95
28
10
41
55
27
18
0
14
0
68
75
64
0
59
83
82
24
43
79
8
80
80
89
65
24
23
56
50
94
77
17
0
18
40
47
41
95
8
36
3
20
33
33
43
28
57
13
70
72
67
15
47
71
50
12
37
16
38
27
19
0
65
3
0
0
15
18
46
93
7
63
73
11
84
34
77
36
14
27
39
73
0
54
11
85
34
0
83
5
34
83
43
53
86
0
0
78
8
13
60
46
6
76
93
17
46
81
21
54
94
51
34
100
56
87
89
89
64
26
79
77
16
32
95
52
82
6
0
3
30
7
45
80
37
31
21
12
0
4
0
21
69
57
40
1
53
12
42
61
78
79
80
83
75
87
85
11
94
66
23
0
28
91
35
0
52
42
52
0
0
69
0
87
4
72
43
84
26
4
12
69
30
81
10
54
95
47
88
24
79
34
60
25
74
20
54
0
98
99
42
43
22
25
65
54
83
5
73
19
8
0
55
92
19
0
67
55
11
0
66
16
14
80
76
79
78
9
78
67
5
27
20
72
76
90
29
48
67
57
16
80
40
36
0
22
99
58
79
96
0
58
67
99
68
77
65
18
64
0
35
80
52
0
96
36
26
40
31
32
40
23
67
95
90
58
44
47
63
87
71
10
8
40
94
62
72
43
0
46
75
57
0
61
97
75
14
40
44
88
42
77
