106
100
168
117
128
81
132
51
35
152
102
16
148
192
182
42
26
135
2
14
41
187
132
77
102
8
167
91
176
29
31
71
117
167
37
127
114
43
32
92
31
42
91
58
198
126
178
16
142
195
155
84
30
28
10
88
52
19
116
78
13
163
12
57
47
56
11
194
163
175
4
101
36
98
36
58
3
27
176
115
89
55
13
3
193
107
146
6
196
127
135
6
76
151
150
24
138
94
74
63
65
70
110
119
52
115
183
136
131
19
66
78
151
173
156
156
154
1
84
136
144
23
102
31
47
103
112
9
35
35
116
57
63
23
163
57
129
151
49
183
156
186
18
108
88
1
75
22
169
84
20
180
112
149
24
113
44
180
108
5
34
187
153
200
49
189
171
25
94
5
103
151
82
51
127
90
60
181
24
71
17
65
80
82
188
44
48
158
37
117
130
120
162
173
56
103
88
68
150
48
139
49
34
146
107
83
142
118
44
199
141
95
116
139
186
173
163
91
38
63
86
122
135
7
179
13
107
34
15
126
92
164
167
14
161
129
15
113
139
96
12
101
152
118
46
58
109
58
181
93
198
115
74
155
75
32
12
154
89
1
111
32
56
48
79
72
79
81
194
142
121
33
29
138
80
19
11
111
110
35
174
171
28
129
80
13
59
172
138
119
37
52
123
27
87
98
23
193
160
183
168
118
10
90
174
116
50
3
39
87
79
42
56
123
115
89
140
8
50
124
97
11
20
83
117
110
137
39
167
88
131
30
140
93
8
52
94
78
138
116
92
39
98
111
70
139
125
195
178
189
119
197
10
17
187
70
171
181
63
16
8
23
162
109
37
121
28
61
127
145
193
177
180
7
41
127
110
31
38
186
50
9
122
121
191
69
57
46
61
4
12
16
13
82
147
5
58
174
90
87
86
147
44
172
188
136
172
193
25
20
22
197
48
186
22
15
50
182
40
55
100
2
95
122
17
153
65
184
187
172
182
45
51
22
159
184
12
169
146
105
85
198
152
69
14
115
40
2
152
33
105
80
9
6
135
171
75
153
36
33
7
157
59
4
43
178
183
161
190
112
164
165
40
164
96
88
57
122
4
12
92
18
90
54
30
148
113
37
5
93
59
196
179
47
114
155
166
177
60
199
